// Jest Snapshot v1, https://goo.gl/fbAQLP

exports[`renders back arrow 1`] = `ShallowWrapper {}`;
