// Jest Snapshot v1, https://goo.gl/fbAQLP

exports[`renders with or without props 1`] = `ShallowWrapper {}`;
